...........X                                                             [100%]
============================== warnings summary ===============================
.venv\Lib\site-packages\_pytest\cacheprovider.py:475
  D:\Git\Git\Day25-2A202600430\.venv\Lib\site-packages\_pytest\cacheprovider.py:475: PytestCacheWarning: could not create cache path D:\Git\Git\Day25-2A202600430\.pytest_cache\v\cache\nodeids: [WinError 183] Cannot create a file when that file already exists: 'D:\\Git\\Git\\Day25-2A202600430\\.pytest_cache\\v\\cache'
    config.cache.set("cache/nodeids", sorted(self.cached_nodeids))

-- Docs: https://docs.pytest.org/en/stable/how-to/capture-warnings.html
11 passed, 1 xpassed, 1 warning in 2.02s
